// Jest Snapshot v1, https://goo.gl/fbAQLP

exports[`validar el componente navbar renderiza correctamente sin usuario 1`] = `
<div>
  <aside
    class="bg-dark-background"
  >
    <div
      class="max-w-6xl p-2 mx-auto text-white flex justify-between items-center border-1 border-rose-500"
    >
      <img
        alt="bitlogic logo"
        class="w-40"
        src="BITMEMES.png"
      />
      <div
        class="flex gap-6"
      >
        <a
          class="flex gap-2 hover:text-bitlogic-blue"
          href="/"
        >
          <svg
            class="h-6 w-6"
            fill="none"
            stroke="currentColor"
            stroke-width="2"
            viewBox="0 0 24 24"
            xmlns="http://www.w3.org/2000/svg"
          >
            <path
              d="M3 12l2-2m0 0l7-7 7 7M5 10v10a1 1 0 001 1h3m10-11l2 2m-2-2v10a1 1 0 01-1 1h-3m-6 0a1 1 0 001-1v-4a1 1 0 011-1h2a1 1 0 011 1v4a1 1 0 001 1m-6 0h6"
              stroke-linecap="round"
              stroke-linejoin="round"
            />
          </svg>
          Home
        </a>
      </div>
      <button>
        Login
      </button>
    </div>
  </aside>
</div>
`;
